[debug] [2026-08-26T11:33:34.062Z] ----------------------------------------------------------------------
[debug] [2026-08-26T11:33:34.069Z] Command:       C:\Program Files\nodejs\node.exe C:\Users\eugel\AppData\Local\pnpm\global\5\.pnpm\firebase-tools@15.26.0_@types+node@26.2.0\node_modules\firebase-tools\lib\bin\firebase.js deploy
[debug] [2026-08-26T11:33:34.070Z] CLI Version:   15.26.0
[debug] [2026-08-26T11:33:34.070Z] Platform:      win32
[debug] [2026-08-26T11:33:34.071Z] Node Version:  v24.14.1
[debug] [2026-08-26T11:33:34.071Z] Detected Agent: unknown
[debug] [2026-08-26T11:33:34.071Z] Time:          Wed Aug 26 2026 08:33:34 GMT-0300 (hora estándar de Argentina)
[debug] [2026-08-26T11:33:34.072Z] ----------------------------------------------------------------------
[debug] 
[debug] [2026-08-26T11:34:10.735Z] > command requires scopes: ["email","openid","https://www.googleapis.com/auth/cloudplatformprojects.readonly","https://www.googleapis.com/auth/firebase","https://www.googleapis.com/auth/cloud-platform"]
[debug] [2026-08-26T11:34:10.736Z] > authorizing via signed-in user (eugeluz@gmail.com)
[debug] [2026-08-26T11:34:10.736Z] [iam] checking project siga-unt for permissions ["datastore.indexes.create","datastore.indexes.delete","datastore.indexes.list","datastore.indexes.update","firebase.projects.get","firebasehosting.sites.update"]
[debug] [2026-08-26T11:34:10.769Z] Checked if tokens are valid: false, expires at: 1787675894374
[debug] [2026-08-26T11:34:10.770Z] Checked if tokens are valid: false, expires at: 1787675894374
[debug] [2026-08-26T11:34:10.770Z] > refreshing access token with scopes: []
[debug] [2026-08-26T11:34:10.774Z] >>> [apiv2][query] POST https://www.googleapis.com/oauth2/v3/token [none]
[debug] [2026-08-26T11:34:10.774Z] >>> [apiv2][body] POST https://www.googleapis.com/oauth2/v3/token [omitted]
[debug] [2026-08-26T11:34:11.072Z] <<< [apiv2][status] POST https://www.googleapis.com/oauth2/v3/token 200
[debug] [2026-08-26T11:34:11.073Z] <<< [apiv2][body] POST https://www.googleapis.com/oauth2/v3/token [omitted]
[debug] [2026-08-26T11:34:11.116Z] >>> [apiv2][query] POST https://cloudresourcemanager.googleapis.com/v1/projects/siga-unt:testIamPermissions [none]
[debug] [2026-08-26T11:34:11.117Z] >>> [apiv2][(partial)header] POST https://cloudresourcemanager.googleapis.com/v1/projects/siga-unt:testIamPermissions  x-goog-user-project=siga-unt
[debug] [2026-08-26T11:34:11.117Z] >>> [apiv2][body] POST https://cloudresourcemanager.googleapis.com/v1/projects/siga-unt:testIamPermissions {"permissions":["datastore.indexes.create","datastore.indexes.delete","datastore.indexes.list","datastore.indexes.update","firebase.projects.get","firebasehosting.sites.update"]}
